Last login: Fri Apr 16 20:50:46 on ttys000

The default interactive shell is now zsh.
To update your account to use zsh, please run `chsh -s /bin/zsh`.
For more details, please visit https://support.apple.com/kb/HT208050.
MacBook-Pro:git-test justiniorii$ git init
Reinitialized existing Git repository in /Users/justiniorii/Desktop/NucampFolder/git-test/.git/
MacBook-Pro:git-test justiniorii$ ls
Git Bash		Remote Git Resppsitary	index.html
MacBook-Pro:git-test justiniorii$ ls -a
.			.git			index.html
..			Git Bash
.DS_Store		Remote Git Resppsitary
MacBook-Pro:git-test justiniorii$ cd .git
MacBook-Pro:.git justiniorii$ ls
COMMIT_EDITMSG	config		hooks		info		objects
HEAD		description	index		logs		refs
MacBook-Pro:.git justiniorii$ cd ..
MacBook-Pro:git-test justiniorii$ git status
On branch master
Changes not staged for commit:
  (use "git add <file>..." to update what will be committed)
  (use "git restore <file>..." to discard changes in working directory)
	modified:   index.html

Untracked files:
  (use "git add <file>..." to include in what will be committed)
	.DS_Store
	Git Bash
	Remote Git Resppsitary

no changes added to commit (use "git add" and/or "git commit -a")
MacBook-Pro:git-test justiniorii$ code .
MacBook-Pro:git-test justiniorii$ git status
On branch master
Changes not staged for commit:
  (use "git add <file>..." to update what will be committed)
  (use "git restore <file>..." to discard changes in working directory)
	modified:   index.html

Untracked files:
  (use "git add <file>..." to include in what will be committed)
	.DS_Store
	Git Bash
	Remote Git Resppsitary

no changes added to commit (use "git add" and/or "git commit -a")
MacBook-Pro:git-test justiniorii$ git add .
MacBook-Pro:git-test justiniorii$ git status
On branch master
Changes to be committed:
  (use "git restore --staged <file>..." to unstage)
	new file:   .DS_Store
	new file:   Git Bash
	new file:   Remote Git Resppsitary
	modified:   index.html

MacBook-Pro:git-test justiniorii$ git commit -m "Firstcommit"
[master c6c145c] Firstcommit
 4 files changed, 196 insertions(+), 5 deletions(-)
 create mode 100644 .DS_Store
 create mode 100644 Git Bash
 create mode 100644 Remote Git Resppsitary
MacBook-Pro:git-test justiniorii$ git status
On branch master
nothing to commit, working tree clean
MacBook-Pro:git-test justiniorii$ git add.
MacBook-Pro:git-test justiniorii$ git commit "Second commit"
MacBook-Pro:git-test justiniorii$ git add
MacBook-Pro:git-test justiniorii$ git commit -m "Third commit"







